Archive member included because of file (symbol)

/usr/local/lib/gcc/avr/4.4.5/avr25/libgcc.a(_mulhi3.o)
                              _BUILD/_commonCode_localized/dmsTimer/1.13/dmsTimer.o (__mulhi3)
/usr/local/lib/gcc/avr/4.4.5/avr25/libgcc.a(_udivmodqi4.o)
                              _BUILD/main.o (__udivmodqi4)
/usr/local/lib/gcc/avr/4.4.5/avr25/libgcc.a(_udivmodhi4.o)
                              _BUILD/_commonCode_localized/heartbeat/1.21/heartbeat.o (__udivmodhi4)
/usr/local/lib/gcc/avr/4.4.5/avr25/libgcc.a(_divmodhi4.o)
                              _BUILD/_commonCode_localized/sineTable/0.99/sineTable.o (__divmodhi4)
/usr/local/lib/gcc/avr/4.4.5/avr25/libgcc.a(_exit.o)
                              /usr/local/lib/gcc/avr/4.4.5/../../../../avr/lib/avr25/crttn45.o (exit)
/usr/local/lib/gcc/avr/4.4.5/avr25/libgcc.a(_copy_data.o)
                              _BUILD/_commonCode_localized/sineTable/0.99/sineTable.o (__do_copy_data)
/usr/local/lib/gcc/avr/4.4.5/avr25/libgcc.a(_clear_bss.o)
                              _BUILD/_commonCode_localized/sineTable/0.99/sineTable.o (__do_clear_bss)

Allocating common symbols
Common symbol       size              file

ledHFM              0xc               _BUILD/main.o
heartModulator      0x4               _BUILD/_commonCode_localized/heartbeat/1.21/heartbeat.o

Memory Configuration

Name             Origin             Length             Attributes
text             0x00000000         0x00002000         xr
data             0x00800060         0x0000ffa0         rw !x
eeprom           0x00810000         0x00010000         rw !x
*default*        0x00000000         0xffffffff

Linker script and memory map

LOAD /usr/local/lib/gcc/avr/4.4.5/../../../../avr/lib/avr25/crttn45.o
LOAD _BUILD/_commonCode_localized/sineTable/0.99/sineTable.o
LOAD _BUILD/_commonCode_localized/heartbeat/1.21/heartbeat.o
LOAD _BUILD/_commonCode_localized/hfModulation/1.00/hfModulation.o
LOAD _BUILD/_commonCode_localized/dmsTimer/1.13/dmsTimer.o
LOAD _BUILD/_commonCode_localized/timerCommon/1.21/timerCommon.o
LOAD _BUILD/main.o
LOAD /usr/local/lib/gcc/avr/4.4.5/avr25/libgcc.a
LOAD /usr/local/lib/gcc/avr/4.4.5/../../../../avr/lib/avr25/libc.a
LOAD /usr/local/lib/gcc/avr/4.4.5/avr25/libgcc.a

.hash
 *(.hash)

.dynsym
 *(.dynsym)

.dynstr
 *(.dynstr)

.gnu.version
 *(.gnu.version)

.gnu.version_d
 *(.gnu.version_d)

.gnu.version_r
 *(.gnu.version_r)

.rel.init
 *(.rel.init)

.rela.init
 *(.rela.init)

.rel.text
 *(.rel.text)
 *(.rel.text.*)
 *(.rel.gnu.linkonce.t*)

.rela.text
 *(.rela.text)
 *(.rela.text.*)
 *(.rela.gnu.linkonce.t*)

.rel.fini
 *(.rel.fini)

.rela.fini
 *(.rela.fini)

.rel.rodata
 *(.rel.rodata)
 *(.rel.rodata.*)
 *(.rel.gnu.linkonce.r*)

.rela.rodata
 *(.rela.rodata)
 *(.rela.rodata.*)
 *(.rela.gnu.linkonce.r*)

.rel.data
 *(.rel.data)
 *(.rel.data.*)
 *(.rel.gnu.linkonce.d*)

.rela.data
 *(.rela.data)
 *(.rela.data.*)
 *(.rela.gnu.linkonce.d*)

.rel.ctors
 *(.rel.ctors)

.rela.ctors
 *(.rela.ctors)

.rel.dtors
 *(.rel.dtors)

.rela.dtors
 *(.rela.dtors)

.rel.got
 *(.rel.got)

.rela.got
 *(.rela.got)

.rel.bss
 *(.rel.bss)

.rela.bss
 *(.rela.bss)

.rel.plt
 *(.rel.plt)

.rela.plt
 *(.rela.plt)

.text           0x00000000      0xb3a
 *(.vectors)
 .vectors       0x00000000       0x1e /usr/local/lib/gcc/avr/4.4.5/../../../../avr/lib/avr25/crttn45.o
                0x00000000                __vectors
                0x00000000                __vector_default
 *(.vectors)
 *(.progmem.gcc*)
 *(.progmem*)
 .progmem.data  0x0000001e       0x81 _BUILD/_commonCode_localized/sineTable/0.99/sineTable.o
                0x0000001e                sineTable
 .progmem.data  0x0000009f       0x20 _BUILD/main.o
                0x0000009f                header
                0x000000c0                . = ALIGN (0x2)
 *fill*         0x000000bf        0x1 00
                0x000000c0                __trampolines_start = .
 *(.trampolines)
 .trampolines   0x000000c0        0x0 linker stubs
 *(.trampolines*)
                0x000000c0                __trampolines_end = .
 *(.jumptables)
 *(.jumptables*)
 *(.lowtext)
 *(.lowtext*)
                0x000000c0                __ctors_start = .
 *(.ctors)
                0x000000c0                __ctors_end = .
                0x000000c0                __dtors_start = .
 *(.dtors)
                0x000000c0                __dtors_end = .
 SORT(*)(.ctors)
 SORT(*)(.dtors)
 *(.init0)
 .init0         0x000000c0        0x0 /usr/local/lib/gcc/avr/4.4.5/../../../../avr/lib/avr25/crttn45.o
                0x000000c0                __init
 *(.init0)
 *(.init1)
 *(.init1)
 *(.init2)
 .init2         0x000000c0        0xc /usr/local/lib/gcc/avr/4.4.5/../../../../avr/lib/avr25/crttn45.o
 *(.init2)
 *(.init3)
 *(.init3)
 *(.init4)
 .init4         0x000000cc       0x16 /usr/local/lib/gcc/avr/4.4.5/avr25/libgcc.a(_copy_data.o)
                0x000000cc                __do_copy_data
 .init4         0x000000e2       0x10 /usr/local/lib/gcc/avr/4.4.5/avr25/libgcc.a(_clear_bss.o)
                0x000000e2                __do_clear_bss
 *(.init4)
 *(.init5)
 *(.init5)
 *(.init6)
 *(.init6)
 *(.init7)
 *(.init7)
 *(.init8)
 *(.init8)
 *(.init9)
 .init9         0x000000f2        0x4 /usr/local/lib/gcc/avr/4.4.5/../../../../avr/lib/avr25/crttn45.o
 *(.init9)
 *(.text)
 .text          0x000000f6        0x2 /usr/local/lib/gcc/avr/4.4.5/../../../../avr/lib/avr25/crttn45.o
                0x000000f6                __vector_8
                0x000000f6                __vector_12
                0x000000f6                __bad_interrupt
                0x000000f6                __vector_6
                0x000000f6                __vector_3
                0x000000f6                __vector_11
                0x000000f6                __vector_7
                0x000000f6                __vector_5
                0x000000f6                __vector_4
                0x000000f6                __vector_9
                0x000000f6                __vector_2
                0x000000f6                __vector_1
 .text          0x000000f8       0x5c _BUILD/_commonCode_localized/sineTable/0.99/sineTable.o
                0x000000f8                quadrantizeTheta
                0x00000134                sineRaw8
 .text          0x00000154      0x212 _BUILD/_commonCode_localized/heartbeat/1.21/heartbeat.o
                0x00000154                setHeartRate
                0x0000016e                getHeartRate
                0x00000180                getNextDesired
                0x000001b8                set_heartBlink
                0x000001be                blinkHeart
                0x00000298                heartPinInputPoll
                0x000002aa                heartClear
                0x000002b4                heartUpdate
                0x00000318                heartupdate
                0x0000031c                init_heartBeat
 .text          0x00000366       0x5a _BUILD/_commonCode_localized/hfModulation/1.00/hfModulation.o
                0x00000366                hfm_setup
                0x0000037e                hfm_setPower
                0x00000390                hfm_nextOutput
 .text          0x000003c0      0x126 _BUILD/_commonCode_localized/dmsTimer/1.13/dmsTimer.o
                0x000003c0                __vector_10
                0x0000040a                dmsWaitFn
                0x0000048a                dmsGetTime
                0x000004aa                dmsGetFrac
                0x000004c2                init_dmsTimer
 .text          0x000004e6      0x20a _BUILD/_commonCode_localized/timerCommon/1.21/timerCommon.o
                0x000004e6                timer_setOutputModes
                0x00000578                timer_selectDivisor
                0x000005ca                timer_setWGM
                0x00000600                timer_init
                0x00000624                timer_compareMatchIntSetup
                0x000006c4                timer_overflowIntEnable
 .text          0x000006f0      0x3bc _BUILD/main.o
                0x000006f0                usi_i2c_awaitStart
                0x00000706                usi_i2c_awaitStartSCL
                0x0000071a                usi_i2c_slaveInit
                0x0000071e                __vector_13
                0x00000756                edid_checkSummer
                0x00000770                updateLEDs
                0x000007e0                updateLEDFader
                0x00000884                main
                0x000008d0                __vector_14
 .text          0x00000aac        0x0 /usr/local/lib/gcc/avr/4.4.5/avr25/libgcc.a(_mulhi3.o)
 .text          0x00000aac        0x0 /usr/local/lib/gcc/avr/4.4.5/avr25/libgcc.a(_udivmodqi4.o)
 .text          0x00000aac        0x0 /usr/local/lib/gcc/avr/4.4.5/avr25/libgcc.a(_udivmodhi4.o)
 .text          0x00000aac        0x0 /usr/local/lib/gcc/avr/4.4.5/avr25/libgcc.a(_divmodhi4.o)
 .text          0x00000aac        0x0 /usr/local/lib/gcc/avr/4.4.5/avr25/libgcc.a(_exit.o)
 .text          0x00000aac        0x0 /usr/local/lib/gcc/avr/4.4.5/avr25/libgcc.a(_copy_data.o)
 .text          0x00000aac        0x0 /usr/local/lib/gcc/avr/4.4.5/avr25/libgcc.a(_clear_bss.o)
                0x00000aac                . = ALIGN (0x2)
 *(.text.*)
 .text.libgcc   0x00000aac       0x24 /usr/local/lib/gcc/avr/4.4.5/avr25/libgcc.a(_mulhi3.o)
                0x00000aac                __mulhi3
 .text.libgcc   0x00000ad0       0x18 /usr/local/lib/gcc/avr/4.4.5/avr25/libgcc.a(_udivmodqi4.o)
                0x00000ad0                __udivmodqi4
 .text.libgcc   0x00000ae8       0x28 /usr/local/lib/gcc/avr/4.4.5/avr25/libgcc.a(_udivmodhi4.o)
                0x00000ae8                __udivmodhi4
 .text.libgcc   0x00000b10       0x26 /usr/local/lib/gcc/avr/4.4.5/avr25/libgcc.a(_divmodhi4.o)
                0x00000b10                __divmodhi4
                0x00000b10                _div
 .text.libgcc   0x00000b36        0x0 /usr/local/lib/gcc/avr/4.4.5/avr25/libgcc.a(_exit.o)
 .text.libgcc   0x00000b36        0x0 /usr/local/lib/gcc/avr/4.4.5/avr25/libgcc.a(_copy_data.o)
 .text.libgcc   0x00000b36        0x0 /usr/local/lib/gcc/avr/4.4.5/avr25/libgcc.a(_clear_bss.o)
                0x00000b36                . = ALIGN (0x2)
 *(.fini9)
 .fini9         0x00000b36        0x0 /usr/local/lib/gcc/avr/4.4.5/avr25/libgcc.a(_exit.o)
                0x00000b36                exit
                0x00000b36                _exit
 *(.fini9)
 *(.fini8)
 *(.fini8)
 *(.fini7)
 *(.fini7)
 *(.fini6)
 *(.fini6)
 *(.fini5)
 *(.fini5)
 *(.fini4)
 *(.fini4)
 *(.fini3)
 *(.fini3)
 *(.fini2)
 *(.fini2)
 *(.fini1)
 *(.fini1)
 *(.fini0)
 .fini0         0x00000b36        0x4 /usr/local/lib/gcc/avr/4.4.5/avr25/libgcc.a(_exit.o)
 *(.fini0)
                0x00000b3a                _etext = .

.data           0x00800060       0x88 load address 0x00000b3a
                0x00800060                PROVIDE (__data_start, .)
 *(.data)
 .data          0x00800060        0x0 /usr/local/lib/gcc/avr/4.4.5/../../../../avr/lib/avr25/crttn45.o
 .data          0x00800060        0x0 _BUILD/_commonCode_localized/sineTable/0.99/sineTable.o
 .data          0x00800060        0x3 _BUILD/_commonCode_localized/heartbeat/1.21/heartbeat.o
                0x00800060                heartStepTime
 .data          0x00800063        0x0 _BUILD/_commonCode_localized/hfModulation/1.00/hfModulation.o
 .data          0x00800063        0x2 _BUILD/_commonCode_localized/dmsTimer/1.13/dmsTimer.o
                0x00800063                dmsNumUpdates
                0x00800064                dmsIncrementSize
 .data          0x00800065        0x0 _BUILD/_commonCode_localized/timerCommon/1.21/timerCommon.o
 .data          0x00800065       0x83 _BUILD/main.o
                0x00800065                edidArray
                0x008000e5                usi_i2c_byteToTransmit
 .data          0x008000e8        0x0 /usr/local/lib/gcc/avr/4.4.5/avr25/libgcc.a(_mulhi3.o)
 .data          0x008000e8        0x0 /usr/local/lib/gcc/avr/4.4.5/avr25/libgcc.a(_udivmodqi4.o)
 .data          0x008000e8        0x0 /usr/local/lib/gcc/avr/4.4.5/avr25/libgcc.a(_udivmodhi4.o)
 .data          0x008000e8        0x0 /usr/local/lib/gcc/avr/4.4.5/avr25/libgcc.a(_divmodhi4.o)
 .data          0x008000e8        0x0 /usr/local/lib/gcc/avr/4.4.5/avr25/libgcc.a(_exit.o)
 .data          0x008000e8        0x0 /usr/local/lib/gcc/avr/4.4.5/avr25/libgcc.a(_copy_data.o)
 .data          0x008000e8        0x0 /usr/local/lib/gcc/avr/4.4.5/avr25/libgcc.a(_clear_bss.o)
 *(.data*)
 *(.rodata)
 *(.rodata*)
 *(.gnu.linkonce.d*)
                0x008000e8                . = ALIGN (0x2)
                0x008000e8                _edata = .
                0x008000e8                PROVIDE (__data_end, .)

.bss            0x008000e8       0x2d
                0x008000e8                PROVIDE (__bss_start, .)
 *(.bss)
 .bss           0x008000e8        0x0 /usr/local/lib/gcc/avr/4.4.5/../../../../avr/lib/avr25/crttn45.o
 .bss           0x008000e8        0x0 _BUILD/_commonCode_localized/sineTable/0.99/sineTable.o
 .bss           0x008000e8        0x7 _BUILD/_commonCode_localized/heartbeat/1.21/heartbeat.o
                0x008000e8                heartBlink
 .bss           0x008000ef        0x0 _BUILD/_commonCode_localized/hfModulation/1.00/hfModulation.o
 .bss           0x008000ef        0x5 _BUILD/_commonCode_localized/dmsTimer/1.13/dmsTimer.o
                0x008000ef                dmsCount
                0x008000f3                dmsFrac
 .bss           0x008000f4        0x0 _BUILD/_commonCode_localized/timerCommon/1.21/timerCommon.o
 .bss           0x008000f4       0x11 _BUILD/main.o
                0x008000f4                ledState
                0x008000f7                ledIndex
                0x008000f8                edidArrayIndex
                0x008000f9                usi_i2c_state
                0x008000fa                usi_i2c_readFromSlave
                0x008000fb                usi_i2c_requestedAddres
                0x008000fc                usi_i2c_receivedByte
                0x008000fd                heartBlinkInternal
                0x008000fe                usi_i2c_requestedAddress
                0x008000ff                byteNum
                0x00800100                ledsControlled
 .bss           0x00800105        0x0 /usr/local/lib/gcc/avr/4.4.5/avr25/libgcc.a(_mulhi3.o)
 .bss           0x00800105        0x0 /usr/local/lib/gcc/avr/4.4.5/avr25/libgcc.a(_udivmodqi4.o)
 .bss           0x00800105        0x0 /usr/local/lib/gcc/avr/4.4.5/avr25/libgcc.a(_udivmodhi4.o)
 .bss           0x00800105        0x0 /usr/local/lib/gcc/avr/4.4.5/avr25/libgcc.a(_divmodhi4.o)
 .bss           0x00800105        0x0 /usr/local/lib/gcc/avr/4.4.5/avr25/libgcc.a(_exit.o)
 .bss           0x00800105        0x0 /usr/local/lib/gcc/avr/4.4.5/avr25/libgcc.a(_copy_data.o)
 .bss           0x00800105        0x0 /usr/local/lib/gcc/avr/4.4.5/avr25/libgcc.a(_clear_bss.o)
 *(.bss*)
 *(COMMON)
 COMMON         0x00800105        0x4 _BUILD/_commonCode_localized/heartbeat/1.21/heartbeat.o
                0x00800105                heartModulator
 COMMON         0x00800109        0xc _BUILD/main.o
                0x00800109                ledHFM
                0x00800115                PROVIDE (__bss_end, .)
                0x00000b3a                __data_load_start = LOADADDR (.data)
                0x00000bc2                __data_load_end = (__data_load_start + SIZEOF (.data))

.noinit         0x00800115        0x0
                0x00800115                PROVIDE (__noinit_start, .)
 *(.noinit*)
                0x00800115                PROVIDE (__noinit_end, .)
                0x00800115                _end = .
                0x00800115                PROVIDE (__heap_start, .)

.eeprom         0x00810000        0x0
 *(.eeprom*)
                0x00810000                __eeprom_end = .

.stab           0x00000000     0x2d9c
 *(.stab)
 .stab          0x00000000      0x6cc /usr/local/lib/gcc/avr/4.4.5/../../../../avr/lib/avr25/crttn45.o
 .stab          0x000006cc      0x534 _BUILD/_commonCode_localized/sineTable/0.99/sineTable.o
                                0x540 (size before relaxing)
 .stab          0x00000c00      0x840 _BUILD/_commonCode_localized/heartbeat/1.21/heartbeat.o
                                0x9f0 (size before relaxing)
 .stab          0x00001440      0x2c4 _BUILD/_commonCode_localized/hfModulation/1.00/hfModulation.o
                                0x42c (size before relaxing)
 .stab          0x00001704      0x498 _BUILD/_commonCode_localized/dmsTimer/1.13/dmsTimer.o
                                0x648 (size before relaxing)
 .stab          0x00001b9c      0x6a8 _BUILD/_commonCode_localized/timerCommon/1.21/timerCommon.o
                                0x870 (size before relaxing)
 .stab          0x00002244      0xb58 _BUILD/main.o
                                0xe28 (size before relaxing)

.stabstr        0x00000000     0x166f
 *(.stabstr)
 .stabstr       0x00000000     0x166f /usr/local/lib/gcc/avr/4.4.5/../../../../avr/lib/avr25/crttn45.o

.stab.excl
 *(.stab.excl)

.stab.exclstr
 *(.stab.exclstr)

.stab.index
 *(.stab.index)

.stab.indexstr
 *(.stab.indexstr)

.comment
 *(.comment)

.debug
 *(.debug)

.line
 *(.line)

.debug_srcinfo
 *(.debug_srcinfo)

.debug_sfnames
 *(.debug_sfnames)

.debug_aranges
 *(.debug_aranges)

.debug_pubnames
 *(.debug_pubnames)

.debug_info
 *(.debug_info)
 *(.gnu.linkonce.wi.*)

.debug_abbrev
 *(.debug_abbrev)

.debug_line
 *(.debug_line)

.debug_frame
 *(.debug_frame)

.debug_str
 *(.debug_str)

.debug_loc
 *(.debug_loc)

.debug_macinfo
 *(.debug_macinfo)
OUTPUT(_BUILD/LCDreIDer.elf elf32-avr)
LOAD linker stubs

Cross Reference Table

Symbol                                            File
__bad_interrupt                                   /usr/local/lib/gcc/avr/4.4.5/../../../../avr/lib/avr25/crttn45.o
__bss_end                                         /usr/local/lib/gcc/avr/4.4.5/avr25/libgcc.a(_clear_bss.o)
__bss_start                                       /usr/local/lib/gcc/avr/4.4.5/avr25/libgcc.a(_clear_bss.o)
__data_end                                        /usr/local/lib/gcc/avr/4.4.5/avr25/libgcc.a(_copy_data.o)
__data_load_start                                 /usr/local/lib/gcc/avr/4.4.5/avr25/libgcc.a(_copy_data.o)
__data_start                                      /usr/local/lib/gcc/avr/4.4.5/avr25/libgcc.a(_copy_data.o)
__divmodhi4                                       /usr/local/lib/gcc/avr/4.4.5/avr25/libgcc.a(_divmodhi4.o)
                                                  _BUILD/_commonCode_localized/heartbeat/1.21/heartbeat.o
                                                  _BUILD/_commonCode_localized/sineTable/0.99/sineTable.o
__do_clear_bss                                    /usr/local/lib/gcc/avr/4.4.5/avr25/libgcc.a(_clear_bss.o)
                                                  _BUILD/main.o
                                                  _BUILD/_commonCode_localized/timerCommon/1.21/timerCommon.o
                                                  _BUILD/_commonCode_localized/dmsTimer/1.13/dmsTimer.o
                                                  _BUILD/_commonCode_localized/hfModulation/1.00/hfModulation.o
                                                  _BUILD/_commonCode_localized/heartbeat/1.21/heartbeat.o
                                                  _BUILD/_commonCode_localized/sineTable/0.99/sineTable.o
__do_copy_data                                    /usr/local/lib/gcc/avr/4.4.5/avr25/libgcc.a(_copy_data.o)
                                                  _BUILD/main.o
                                                  _BUILD/_commonCode_localized/timerCommon/1.21/timerCommon.o
                                                  _BUILD/_commonCode_localized/dmsTimer/1.13/dmsTimer.o
                                                  _BUILD/_commonCode_localized/hfModulation/1.00/hfModulation.o
                                                  _BUILD/_commonCode_localized/heartbeat/1.21/heartbeat.o
                                                  _BUILD/_commonCode_localized/sineTable/0.99/sineTable.o
__heap_end                                        /usr/local/lib/gcc/avr/4.4.5/../../../../avr/lib/avr25/crttn45.o
__init                                            /usr/local/lib/gcc/avr/4.4.5/../../../../avr/lib/avr25/crttn45.o
__mulhi3                                          /usr/local/lib/gcc/avr/4.4.5/avr25/libgcc.a(_mulhi3.o)
                                                  _BUILD/_commonCode_localized/dmsTimer/1.13/dmsTimer.o
__stack                                           /usr/local/lib/gcc/avr/4.4.5/../../../../avr/lib/avr25/crttn45.o
__udivmodhi4                                      /usr/local/lib/gcc/avr/4.4.5/avr25/libgcc.a(_udivmodhi4.o)
                                                  /usr/local/lib/gcc/avr/4.4.5/avr25/libgcc.a(_divmodhi4.o)
                                                  _BUILD/_commonCode_localized/dmsTimer/1.13/dmsTimer.o
                                                  _BUILD/_commonCode_localized/heartbeat/1.21/heartbeat.o
__udivmodqi4                                      /usr/local/lib/gcc/avr/4.4.5/avr25/libgcc.a(_udivmodqi4.o)
                                                  _BUILD/main.o
__vector_1                                        /usr/local/lib/gcc/avr/4.4.5/../../../../avr/lib/avr25/crttn45.o
__vector_10                                       _BUILD/_commonCode_localized/dmsTimer/1.13/dmsTimer.o
                                                  /usr/local/lib/gcc/avr/4.4.5/../../../../avr/lib/avr25/crttn45.o
__vector_11                                       /usr/local/lib/gcc/avr/4.4.5/../../../../avr/lib/avr25/crttn45.o
__vector_12                                       /usr/local/lib/gcc/avr/4.4.5/../../../../avr/lib/avr25/crttn45.o
__vector_13                                       _BUILD/main.o
                                                  /usr/local/lib/gcc/avr/4.4.5/../../../../avr/lib/avr25/crttn45.o
__vector_14                                       _BUILD/main.o
                                                  /usr/local/lib/gcc/avr/4.4.5/../../../../avr/lib/avr25/crttn45.o
__vector_2                                        /usr/local/lib/gcc/avr/4.4.5/../../../../avr/lib/avr25/crttn45.o
__vector_3                                        /usr/local/lib/gcc/avr/4.4.5/../../../../avr/lib/avr25/crttn45.o
__vector_4                                        /usr/local/lib/gcc/avr/4.4.5/../../../../avr/lib/avr25/crttn45.o
__vector_5                                        /usr/local/lib/gcc/avr/4.4.5/../../../../avr/lib/avr25/crttn45.o
__vector_6                                        /usr/local/lib/gcc/avr/4.4.5/../../../../avr/lib/avr25/crttn45.o
__vector_7                                        /usr/local/lib/gcc/avr/4.4.5/../../../../avr/lib/avr25/crttn45.o
__vector_8                                        /usr/local/lib/gcc/avr/4.4.5/../../../../avr/lib/avr25/crttn45.o
__vector_9                                        /usr/local/lib/gcc/avr/4.4.5/../../../../avr/lib/avr25/crttn45.o
__vector_default                                  /usr/local/lib/gcc/avr/4.4.5/../../../../avr/lib/avr25/crttn45.o
__vectors                                         /usr/local/lib/gcc/avr/4.4.5/../../../../avr/lib/avr25/crttn45.o
_div                                              /usr/local/lib/gcc/avr/4.4.5/avr25/libgcc.a(_divmodhi4.o)
_exit                                             /usr/local/lib/gcc/avr/4.4.5/avr25/libgcc.a(_exit.o)
blinkHeart                                        _BUILD/_commonCode_localized/heartbeat/1.21/heartbeat.o
byteNum                                           _BUILD/main.o
dmsCount                                          _BUILD/_commonCode_localized/dmsTimer/1.13/dmsTimer.o
dmsFrac                                           _BUILD/_commonCode_localized/dmsTimer/1.13/dmsTimer.o
dmsGetFrac                                        _BUILD/_commonCode_localized/dmsTimer/1.13/dmsTimer.o
dmsGetTime                                        _BUILD/_commonCode_localized/dmsTimer/1.13/dmsTimer.o
                                                  _BUILD/_commonCode_localized/heartbeat/1.21/heartbeat.o
dmsIncrementSize                                  _BUILD/_commonCode_localized/dmsTimer/1.13/dmsTimer.o
dmsNumUpdates                                     _BUILD/_commonCode_localized/dmsTimer/1.13/dmsTimer.o
dmsWaitFn                                         _BUILD/_commonCode_localized/dmsTimer/1.13/dmsTimer.o
edidArray                                         _BUILD/main.o
edidArrayIndex                                    _BUILD/main.o
edid_checkSummer                                  _BUILD/main.o
exit                                              /usr/local/lib/gcc/avr/4.4.5/avr25/libgcc.a(_exit.o)
                                                  /usr/local/lib/gcc/avr/4.4.5/../../../../avr/lib/avr25/crttn45.o
getHeartRate                                      _BUILD/_commonCode_localized/heartbeat/1.21/heartbeat.o
getNextDesired                                    _BUILD/_commonCode_localized/heartbeat/1.21/heartbeat.o
header                                            _BUILD/main.o
heartBlink                                        _BUILD/_commonCode_localized/heartbeat/1.21/heartbeat.o
                                                  _BUILD/main.o
heartBlinkInternal                                _BUILD/main.o
heartClear                                        _BUILD/_commonCode_localized/heartbeat/1.21/heartbeat.o
heartModulator                                    _BUILD/_commonCode_localized/heartbeat/1.21/heartbeat.o
heartPinInputPoll                                 _BUILD/_commonCode_localized/heartbeat/1.21/heartbeat.o
heartStepTime                                     _BUILD/_commonCode_localized/heartbeat/1.21/heartbeat.o
heartUpdate                                       _BUILD/_commonCode_localized/heartbeat/1.21/heartbeat.o
                                                  _BUILD/main.o
heartupdate                                       _BUILD/_commonCode_localized/heartbeat/1.21/heartbeat.o
hfm_nextOutput                                    _BUILD/_commonCode_localized/hfModulation/1.00/hfModulation.o
                                                  _BUILD/main.o
                                                  _BUILD/_commonCode_localized/heartbeat/1.21/heartbeat.o
hfm_setPower                                      _BUILD/_commonCode_localized/hfModulation/1.00/hfModulation.o
                                                  _BUILD/main.o
                                                  _BUILD/_commonCode_localized/heartbeat/1.21/heartbeat.o
hfm_setup                                         _BUILD/_commonCode_localized/hfModulation/1.00/hfModulation.o
                                                  _BUILD/main.o
                                                  _BUILD/_commonCode_localized/heartbeat/1.21/heartbeat.o
init_dmsTimer                                     _BUILD/_commonCode_localized/dmsTimer/1.13/dmsTimer.o
                                                  _BUILD/_commonCode_localized/heartbeat/1.21/heartbeat.o
init_heartBeat                                    _BUILD/_commonCode_localized/heartbeat/1.21/heartbeat.o
                                                  _BUILD/main.o
ledHFM                                            _BUILD/main.o
ledIndex                                          _BUILD/main.o
ledState                                          _BUILD/main.o
ledsControlled                                    _BUILD/main.o
main                                              _BUILD/main.o
                                                  /usr/local/lib/gcc/avr/4.4.5/../../../../avr/lib/avr25/crttn45.o
quadrantizeTheta                                  _BUILD/_commonCode_localized/sineTable/0.99/sineTable.o
setHeartRate                                      _BUILD/_commonCode_localized/heartbeat/1.21/heartbeat.o
                                                  _BUILD/main.o
set_heartBlink                                    _BUILD/_commonCode_localized/heartbeat/1.21/heartbeat.o
                                                  _BUILD/main.o
sineRaw8                                          _BUILD/_commonCode_localized/sineTable/0.99/sineTable.o
                                                  _BUILD/main.o
sineTable                                         _BUILD/_commonCode_localized/sineTable/0.99/sineTable.o
timer_compareMatchIntSetup                        _BUILD/_commonCode_localized/timerCommon/1.21/timerCommon.o
                                                  _BUILD/_commonCode_localized/dmsTimer/1.13/dmsTimer.o
timer_init                                        _BUILD/_commonCode_localized/timerCommon/1.21/timerCommon.o
timer_overflowIntEnable                           _BUILD/_commonCode_localized/timerCommon/1.21/timerCommon.o
timer_selectDivisor                               _BUILD/_commonCode_localized/timerCommon/1.21/timerCommon.o
                                                  _BUILD/_commonCode_localized/dmsTimer/1.13/dmsTimer.o
timer_setOutputModes                              _BUILD/_commonCode_localized/timerCommon/1.21/timerCommon.o
timer_setWGM                                      _BUILD/_commonCode_localized/timerCommon/1.21/timerCommon.o
                                                  _BUILD/_commonCode_localized/dmsTimer/1.13/dmsTimer.o
updateLEDFader                                    _BUILD/main.o
updateLEDs                                        _BUILD/main.o
usi_i2c_awaitStart                                _BUILD/main.o
usi_i2c_awaitStartSCL                             _BUILD/main.o
usi_i2c_byteToTransmit                            _BUILD/main.o
usi_i2c_readFromSlave                             _BUILD/main.o
usi_i2c_receivedByte                              _BUILD/main.o
usi_i2c_requestedAddres                           _BUILD/main.o
usi_i2c_requestedAddress                          _BUILD/main.o
usi_i2c_slaveInit                                 _BUILD/main.o
usi_i2c_state                                     _BUILD/main.o
