Archive member included because of file (symbol)

/usr/local/lib/gcc/avr/4.4.5/../../../../avr/lib/avr25/libprintf_min.a(vfprintf_min.o)
                              (vfprintf)
/usr/local/lib/gcc/avr/4.4.5/avr25/libgcc.a(_mulhi3.o)
                              _BUILD/_commonCode_localized/dmsTimer/1.13/dmsTimer.o (__mulhi3)
/usr/local/lib/gcc/avr/4.4.5/avr25/libgcc.a(_udivmodqi4.o)
                              _BUILD/main.o (__udivmodqi4)
/usr/local/lib/gcc/avr/4.4.5/avr25/libgcc.a(_udivmodhi4.o)
                              _BUILD/_commonCode_localized/heartbeat/1.21/heartbeat.o (__udivmodhi4)
/usr/local/lib/gcc/avr/4.4.5/avr25/libgcc.a(_divmodhi4.o)
                              _BUILD/_commonCode_localized/sineTable/0.99/sineTable.o (__divmodhi4)
/usr/local/lib/gcc/avr/4.4.5/avr25/libgcc.a(_prologue.o)
                              /usr/local/lib/gcc/avr/4.4.5/../../../../avr/lib/avr25/libprintf_min.a(vfprintf_min.o) (__prologue_saves__)
/usr/local/lib/gcc/avr/4.4.5/avr25/libgcc.a(_epilogue.o)
                              /usr/local/lib/gcc/avr/4.4.5/../../../../avr/lib/avr25/libprintf_min.a(vfprintf_min.o) (__epilogue_restores__)
/usr/local/lib/gcc/avr/4.4.5/avr25/libgcc.a(_exit.o)
                              /usr/local/lib/gcc/avr/4.4.5/../../../../avr/lib/avr25/crttn45.o (exit)
/usr/local/lib/gcc/avr/4.4.5/avr25/libgcc.a(_copy_data.o)
                              _BUILD/_commonCode_localized/sineTable/0.99/sineTable.o (__do_copy_data)
/usr/local/lib/gcc/avr/4.4.5/avr25/libgcc.a(_clear_bss.o)
                              _BUILD/_commonCode_localized/sineTable/0.99/sineTable.o (__do_clear_bss)
/usr/local/lib/gcc/avr/4.4.5/../../../../avr/lib/avr25/libc.a(strchr_P.o)
                              /usr/local/lib/gcc/avr/4.4.5/../../../../avr/lib/avr25/libprintf_min.a(vfprintf_min.o) (strchr_P)
/usr/local/lib/gcc/avr/4.4.5/../../../../avr/lib/avr25/libc.a(fputc.o)
                              /usr/local/lib/gcc/avr/4.4.5/../../../../avr/lib/avr25/libprintf_min.a(vfprintf_min.o) (fputc)
/usr/local/lib/gcc/avr/4.4.5/../../../../avr/lib/avr25/libc.a(ultoa_invert.o)
                              /usr/local/lib/gcc/avr/4.4.5/../../../../avr/lib/avr25/libprintf_min.a(vfprintf_min.o) (__ultoa_invert)

Allocating common symbols
Common symbol       size              file

ledHFM              0xc               _BUILD/main.o
heartModulator      0x4               _BUILD/_commonCode_localized/heartbeat/1.21/heartbeat.o

Memory Configuration

Name             Origin             Length             Attributes
text             0x00000000         0x00002000         xr
data             0x00800060         0x0000ffa0         rw !x
eeprom           0x00810000         0x00010000         rw !x
*default*        0x00000000         0xffffffff

Linker script and memory map

LOAD /usr/local/lib/gcc/avr/4.4.5/../../../../avr/lib/avr25/crttn45.o
LOAD _BUILD/_commonCode_localized/sineTable/0.99/sineTable.o
LOAD _BUILD/_commonCode_localized/heartbeat/1.21/heartbeat.o
LOAD _BUILD/_commonCode_localized/hfModulation/1.00/hfModulation.o
LOAD _BUILD/_commonCode_localized/dmsTimer/1.13/dmsTimer.o
LOAD _BUILD/_commonCode_localized/timerCommon/1.21/timerCommon.o
LOAD _BUILD/main.o
LOAD /usr/local/lib/gcc/avr/4.4.5/../../../../avr/lib/avr25/libprintf_min.a
LOAD /usr/local/lib/gcc/avr/4.4.5/avr25/libgcc.a
LOAD /usr/local/lib/gcc/avr/4.4.5/../../../../avr/lib/avr25/libc.a
LOAD /usr/local/lib/gcc/avr/4.4.5/avr25/libgcc.a

.hash
 *(.hash)

.dynsym
 *(.dynsym)

.dynstr
 *(.dynstr)

.gnu.version
 *(.gnu.version)

.gnu.version_d
 *(.gnu.version_d)

.gnu.version_r
 *(.gnu.version_r)

.rel.init
 *(.rel.init)

.rela.init
 *(.rela.init)

.rel.text
 *(.rel.text)
 *(.rel.text.*)
 *(.rel.gnu.linkonce.t*)

.rela.text
 *(.rela.text)
 *(.rela.text.*)
 *(.rela.gnu.linkonce.t*)

.rel.fini
 *(.rel.fini)

.rela.fini
 *(.rela.fini)

.rel.rodata
 *(.rel.rodata)
 *(.rel.rodata.*)
 *(.rel.gnu.linkonce.r*)

.rela.rodata
 *(.rela.rodata)
 *(.rela.rodata.*)
 *(.rela.gnu.linkonce.r*)

.rel.data
 *(.rel.data)
 *(.rel.data.*)
 *(.rel.gnu.linkonce.d*)

.rela.data
 *(.rela.data)
 *(.rela.data.*)
 *(.rela.gnu.linkonce.d*)

.rel.ctors
 *(.rel.ctors)

.rela.ctors
 *(.rela.ctors)

.rel.dtors
 *(.rel.dtors)

.rela.dtors
 *(.rela.dtors)

.rel.got
 *(.rel.got)

.rela.got
 *(.rela.got)

.rel.bss
 *(.rel.bss)

.rela.bss
 *(.rela.bss)

.rel.plt
 *(.rel.plt)

.rela.plt
 *(.rela.plt)

.text           0x00000000      0xf0a
 *(.vectors)
 .vectors       0x00000000       0x1e /usr/local/lib/gcc/avr/4.4.5/../../../../avr/lib/avr25/crttn45.o
                0x00000000                __vectors
                0x00000000                __vector_default
 *(.vectors)
 *(.progmem.gcc*)
 *(.progmem*)
 .progmem.data  0x0000001e       0x81 _BUILD/_commonCode_localized/sineTable/0.99/sineTable.o
                0x0000001e                sineTable
 .progmem.data  0x0000009f       0x20 _BUILD/main.o
                0x0000009f                header
 .progmem.data  0x000000bf       0x17 /usr/local/lib/gcc/avr/4.4.5/../../../../avr/lib/avr25/libprintf_min.a(vfprintf_min.o)
                0x000000d6                . = ALIGN (0x2)
                0x000000d6                __trampolines_start = .
 *(.trampolines)
 .trampolines   0x000000d6        0x0 linker stubs
 *(.trampolines*)
                0x000000d6                __trampolines_end = .
 *(.jumptables)
 *(.jumptables*)
 *(.lowtext)
 *(.lowtext*)
                0x000000d6                __ctors_start = .
 *(.ctors)
                0x000000d6                __ctors_end = .
                0x000000d6                __dtors_start = .
 *(.dtors)
                0x000000d6                __dtors_end = .
 SORT(*)(.ctors)
 SORT(*)(.dtors)
 *(.init0)
 .init0         0x000000d6        0x0 /usr/local/lib/gcc/avr/4.4.5/../../../../avr/lib/avr25/crttn45.o
                0x000000d6                __init
 *(.init0)
 *(.init1)
 *(.init1)
 *(.init2)
 .init2         0x000000d6        0xc /usr/local/lib/gcc/avr/4.4.5/../../../../avr/lib/avr25/crttn45.o
 *(.init2)
 *(.init3)
 *(.init3)
 *(.init4)
 .init4         0x000000e2       0x16 /usr/local/lib/gcc/avr/4.4.5/avr25/libgcc.a(_copy_data.o)
                0x000000e2                __do_copy_data
 .init4         0x000000f8       0x10 /usr/local/lib/gcc/avr/4.4.5/avr25/libgcc.a(_clear_bss.o)
                0x000000f8                __do_clear_bss
 *(.init4)
 *(.init5)
 *(.init5)
 *(.init6)
 *(.init6)
 *(.init7)
 *(.init7)
 *(.init8)
 *(.init8)
 *(.init9)
 .init9         0x00000108        0x4 /usr/local/lib/gcc/avr/4.4.5/../../../../avr/lib/avr25/crttn45.o
 *(.init9)
 *(.text)
 .text          0x0000010c        0x2 /usr/local/lib/gcc/avr/4.4.5/../../../../avr/lib/avr25/crttn45.o
                0x0000010c                __vector_8
                0x0000010c                __vector_12
                0x0000010c                __bad_interrupt
                0x0000010c                __vector_6
                0x0000010c                __vector_3
                0x0000010c                __vector_11
                0x0000010c                __vector_7
                0x0000010c                __vector_5
                0x0000010c                __vector_4
                0x0000010c                __vector_9
                0x0000010c                __vector_2
                0x0000010c                __vector_1
 .text          0x0000010e       0x5c _BUILD/_commonCode_localized/sineTable/0.99/sineTable.o
                0x0000010e                quadrantizeTheta
                0x0000014a                sineRaw8
 .text          0x0000016a      0x212 _BUILD/_commonCode_localized/heartbeat/1.21/heartbeat.o
                0x0000016a                setHeartRate
                0x00000184                getHeartRate
                0x00000196                getNextDesired
                0x000001ce                set_heartBlink
                0x000001d4                blinkHeart
                0x000002ae                heartPinInputPoll
                0x000002c0                heartClear
                0x000002ca                heartUpdate
                0x0000032e                heartupdate
                0x00000332                init_heartBeat
 .text          0x0000037c       0x5a _BUILD/_commonCode_localized/hfModulation/1.00/hfModulation.o
                0x0000037c                hfm_setup
                0x00000394                hfm_setPower
                0x000003a6                hfm_nextOutput
 .text          0x000003d6      0x126 _BUILD/_commonCode_localized/dmsTimer/1.13/dmsTimer.o
                0x000003d6                __vector_10
                0x00000420                dmsWaitFn
                0x000004a0                dmsGetTime
                0x000004c0                dmsGetFrac
                0x000004d8                init_dmsTimer
 .text          0x000004fc      0x20a _BUILD/_commonCode_localized/timerCommon/1.21/timerCommon.o
                0x000004fc                timer_setOutputModes
                0x0000058e                timer_selectDivisor
                0x000005e0                timer_setWGM
                0x00000616                timer_init
                0x0000063a                timer_compareMatchIntSetup
                0x000006da                timer_overflowIntEnable
 .text          0x00000706      0x3bc _BUILD/main.o
                0x00000706                usi_i2c_awaitStart
                0x0000071c                usi_i2c_awaitStartSCL
                0x00000730                usi_i2c_slaveInit
                0x00000734                __vector_13
                0x0000076c                edid_checkSummer
                0x00000786                updateLEDs
                0x000007f6                updateLEDFader
                0x0000089a                main
                0x000008e6                __vector_14
 .text          0x00000ac2        0x0 /usr/local/lib/gcc/avr/4.4.5/../../../../avr/lib/avr25/libprintf_min.a(vfprintf_min.o)
 .text          0x00000ac2        0x0 /usr/local/lib/gcc/avr/4.4.5/avr25/libgcc.a(_mulhi3.o)
 .text          0x00000ac2        0x0 /usr/local/lib/gcc/avr/4.4.5/avr25/libgcc.a(_udivmodqi4.o)
 .text          0x00000ac2        0x0 /usr/local/lib/gcc/avr/4.4.5/avr25/libgcc.a(_udivmodhi4.o)
 .text          0x00000ac2        0x0 /usr/local/lib/gcc/avr/4.4.5/avr25/libgcc.a(_divmodhi4.o)
 .text          0x00000ac2        0x0 /usr/local/lib/gcc/avr/4.4.5/avr25/libgcc.a(_prologue.o)
 .text          0x00000ac2        0x0 /usr/local/lib/gcc/avr/4.4.5/avr25/libgcc.a(_epilogue.o)
 .text          0x00000ac2        0x0 /usr/local/lib/gcc/avr/4.4.5/avr25/libgcc.a(_exit.o)
 .text          0x00000ac2        0x0 /usr/local/lib/gcc/avr/4.4.5/avr25/libgcc.a(_copy_data.o)
 .text          0x00000ac2        0x0 /usr/local/lib/gcc/avr/4.4.5/avr25/libgcc.a(_clear_bss.o)
 .text          0x00000ac2        0x0 /usr/local/lib/gcc/avr/4.4.5/../../../../avr/lib/avr25/libc.a(strchr_P.o)
 .text          0x00000ac2        0x0 /usr/local/lib/gcc/avr/4.4.5/../../../../avr/lib/avr25/libc.a(fputc.o)
 .text          0x00000ac2        0x0 /usr/local/lib/gcc/avr/4.4.5/../../../../avr/lib/avr25/libc.a(ultoa_invert.o)
                0x00000ac2                . = ALIGN (0x2)
 *(.text.*)
 .text.avr-libc
                0x00000ac2      0x21e /usr/local/lib/gcc/avr/4.4.5/../../../../avr/lib/avr25/libprintf_min.a(vfprintf_min.o)
                0x00000ac2                vfprintf
 .text.libgcc   0x00000ce0       0x24 /usr/local/lib/gcc/avr/4.4.5/avr25/libgcc.a(_mulhi3.o)
                0x00000ce0                __mulhi3
 .text.libgcc   0x00000d04       0x18 /usr/local/lib/gcc/avr/4.4.5/avr25/libgcc.a(_udivmodqi4.o)
                0x00000d04                __udivmodqi4
 .text.libgcc   0x00000d1c       0x28 /usr/local/lib/gcc/avr/4.4.5/avr25/libgcc.a(_udivmodhi4.o)
                0x00000d1c                __udivmodhi4
 .text.libgcc   0x00000d44       0x26 /usr/local/lib/gcc/avr/4.4.5/avr25/libgcc.a(_divmodhi4.o)
                0x00000d44                __divmodhi4
                0x00000d44                _div
 .text.libgcc   0x00000d6a       0x38 /usr/local/lib/gcc/avr/4.4.5/avr25/libgcc.a(_prologue.o)
                0x00000d6a                __prologue_saves__
 .text.libgcc   0x00000da2       0x36 /usr/local/lib/gcc/avr/4.4.5/avr25/libgcc.a(_epilogue.o)
                0x00000da2                __epilogue_restores__
 .text.libgcc   0x00000dd8        0x0 /usr/local/lib/gcc/avr/4.4.5/avr25/libgcc.a(_exit.o)
 .text.libgcc   0x00000dd8        0x0 /usr/local/lib/gcc/avr/4.4.5/avr25/libgcc.a(_copy_data.o)
 .text.libgcc   0x00000dd8        0x0 /usr/local/lib/gcc/avr/4.4.5/avr25/libgcc.a(_clear_bss.o)
 .text.avr-libc
                0x00000dd8       0x16 /usr/local/lib/gcc/avr/4.4.5/../../../../avr/lib/avr25/libc.a(strchr_P.o)
                0x00000dd8                strchr_P
 .text.avr-libc
                0x00000dee       0x58 /usr/local/lib/gcc/avr/4.4.5/../../../../avr/lib/avr25/libc.a(fputc.o)
                0x00000dee                fputc
 .text.avr-libc
                0x00000e46       0xc0 /usr/local/lib/gcc/avr/4.4.5/../../../../avr/lib/avr25/libc.a(ultoa_invert.o)
                0x00000e46                __ultoa_invert
                0x00000f06                . = ALIGN (0x2)
 *(.fini9)
 .fini9         0x00000f06        0x0 /usr/local/lib/gcc/avr/4.4.5/avr25/libgcc.a(_exit.o)
                0x00000f06                exit
                0x00000f06                _exit
 *(.fini9)
 *(.fini8)
 *(.fini8)
 *(.fini7)
 *(.fini7)
 *(.fini6)
 *(.fini6)
 *(.fini5)
 *(.fini5)
 *(.fini4)
 *(.fini4)
 *(.fini3)
 *(.fini3)
 *(.fini2)
 *(.fini2)
 *(.fini1)
 *(.fini1)
 *(.fini0)
 .fini0         0x00000f06        0x4 /usr/local/lib/gcc/avr/4.4.5/avr25/libgcc.a(_exit.o)
 *(.fini0)
                0x00000f0a                _etext = .

.data           0x00800060       0x88 load address 0x00000f0a
                0x00800060                PROVIDE (__data_start, .)
 *(.data)
 .data          0x00800060        0x0 /usr/local/lib/gcc/avr/4.4.5/../../../../avr/lib/avr25/crttn45.o
 .data          0x00800060        0x0 _BUILD/_commonCode_localized/sineTable/0.99/sineTable.o
 .data          0x00800060        0x3 _BUILD/_commonCode_localized/heartbeat/1.21/heartbeat.o
                0x00800060                heartStepTime
 .data          0x00800063        0x0 _BUILD/_commonCode_localized/hfModulation/1.00/hfModulation.o
 .data          0x00800063        0x2 _BUILD/_commonCode_localized/dmsTimer/1.13/dmsTimer.o
                0x00800063                dmsNumUpdates
                0x00800064                dmsIncrementSize
 .data          0x00800065        0x0 _BUILD/_commonCode_localized/timerCommon/1.21/timerCommon.o
 .data          0x00800065       0x83 _BUILD/main.o
                0x00800065                edidArray
                0x008000e5                usi_i2c_byteToTransmit
 .data          0x008000e8        0x0 /usr/local/lib/gcc/avr/4.4.5/../../../../avr/lib/avr25/libprintf_min.a(vfprintf_min.o)
 .data          0x008000e8        0x0 /usr/local/lib/gcc/avr/4.4.5/avr25/libgcc.a(_mulhi3.o)
 .data          0x008000e8        0x0 /usr/local/lib/gcc/avr/4.4.5/avr25/libgcc.a(_udivmodqi4.o)
 .data          0x008000e8        0x0 /usr/local/lib/gcc/avr/4.4.5/avr25/libgcc.a(_udivmodhi4.o)
 .data          0x008000e8        0x0 /usr/local/lib/gcc/avr/4.4.5/avr25/libgcc.a(_divmodhi4.o)
 .data          0x008000e8        0x0 /usr/local/lib/gcc/avr/4.4.5/avr25/libgcc.a(_prologue.o)
 .data          0x008000e8        0x0 /usr/local/lib/gcc/avr/4.4.5/avr25/libgcc.a(_epilogue.o)
 .data          0x008000e8        0x0 /usr/local/lib/gcc/avr/4.4.5/avr25/libgcc.a(_exit.o)
 .data          0x008000e8        0x0 /usr/local/lib/gcc/avr/4.4.5/avr25/libgcc.a(_copy_data.o)
 .data          0x008000e8        0x0 /usr/local/lib/gcc/avr/4.4.5/avr25/libgcc.a(_clear_bss.o)
 .data          0x008000e8        0x0 /usr/local/lib/gcc/avr/4.4.5/../../../../avr/lib/avr25/libc.a(strchr_P.o)
 .data          0x008000e8        0x0 /usr/local/lib/gcc/avr/4.4.5/../../../../avr/lib/avr25/libc.a(fputc.o)
 .data          0x008000e8        0x0 /usr/local/lib/gcc/avr/4.4.5/../../../../avr/lib/avr25/libc.a(ultoa_invert.o)
 *(.data*)
 *(.rodata)
 *(.rodata*)
 *(.gnu.linkonce.d*)
                0x008000e8                . = ALIGN (0x2)
                0x008000e8                _edata = .
                0x008000e8                PROVIDE (__data_end, .)

.bss            0x008000e8       0x2d
                0x008000e8                PROVIDE (__bss_start, .)
 *(.bss)
 .bss           0x008000e8        0x0 /usr/local/lib/gcc/avr/4.4.5/../../../../avr/lib/avr25/crttn45.o
 .bss           0x008000e8        0x0 _BUILD/_commonCode_localized/sineTable/0.99/sineTable.o
 .bss           0x008000e8        0x7 _BUILD/_commonCode_localized/heartbeat/1.21/heartbeat.o
                0x008000e8                heartBlink
 .bss           0x008000ef        0x0 _BUILD/_commonCode_localized/hfModulation/1.00/hfModulation.o
 .bss           0x008000ef        0x5 _BUILD/_commonCode_localized/dmsTimer/1.13/dmsTimer.o
                0x008000ef                dmsCount
                0x008000f3                dmsFrac
 .bss           0x008000f4        0x0 _BUILD/_commonCode_localized/timerCommon/1.21/timerCommon.o
 .bss           0x008000f4       0x11 _BUILD/main.o
                0x008000f4                ledState
                0x008000f7                ledIndex
                0x008000f8                edidArrayIndex
                0x008000f9                usi_i2c_state
                0x008000fa                usi_i2c_readFromSlave
                0x008000fb                usi_i2c_requestedAddres
                0x008000fc                usi_i2c_receivedByte
                0x008000fd                heartBlinkInternal
                0x008000fe                usi_i2c_requestedAddress
                0x008000ff                byteNum
                0x00800100                ledsControlled
 .bss           0x00800105        0x0 /usr/local/lib/gcc/avr/4.4.5/../../../../avr/lib/avr25/libprintf_min.a(vfprintf_min.o)
 .bss           0x00800105        0x0 /usr/local/lib/gcc/avr/4.4.5/avr25/libgcc.a(_mulhi3.o)
 .bss           0x00800105        0x0 /usr/local/lib/gcc/avr/4.4.5/avr25/libgcc.a(_udivmodqi4.o)
 .bss           0x00800105        0x0 /usr/local/lib/gcc/avr/4.4.5/avr25/libgcc.a(_udivmodhi4.o)
 .bss           0x00800105        0x0 /usr/local/lib/gcc/avr/4.4.5/avr25/libgcc.a(_divmodhi4.o)
 .bss           0x00800105        0x0 /usr/local/lib/gcc/avr/4.4.5/avr25/libgcc.a(_prologue.o)
 .bss           0x00800105        0x0 /usr/local/lib/gcc/avr/4.4.5/avr25/libgcc.a(_epilogue.o)
 .bss           0x00800105        0x0 /usr/local/lib/gcc/avr/4.4.5/avr25/libgcc.a(_exit.o)
 .bss           0x00800105        0x0 /usr/local/lib/gcc/avr/4.4.5/avr25/libgcc.a(_copy_data.o)
 .bss           0x00800105        0x0 /usr/local/lib/gcc/avr/4.4.5/avr25/libgcc.a(_clear_bss.o)
 .bss           0x00800105        0x0 /usr/local/lib/gcc/avr/4.4.5/../../../../avr/lib/avr25/libc.a(strchr_P.o)
 .bss           0x00800105        0x0 /usr/local/lib/gcc/avr/4.4.5/../../../../avr/lib/avr25/libc.a(fputc.o)
 .bss           0x00800105        0x0 /usr/local/lib/gcc/avr/4.4.5/../../../../avr/lib/avr25/libc.a(ultoa_invert.o)
 *(.bss*)
 *(COMMON)
 COMMON         0x00800105        0x4 _BUILD/_commonCode_localized/heartbeat/1.21/heartbeat.o
                0x00800105                heartModulator
 COMMON         0x00800109        0xc _BUILD/main.o
                0x00800109                ledHFM
                0x00800115                PROVIDE (__bss_end, .)
                0x00000f0a                __data_load_start = LOADADDR (.data)
                0x00000f92                __data_load_end = (__data_load_start + SIZEOF (.data))

.noinit         0x00800115        0x0
                0x00800115                PROVIDE (__noinit_start, .)
 *(.noinit*)
                0x00800115                PROVIDE (__noinit_end, .)
                0x00800115                _end = .
                0x00800115                PROVIDE (__heap_start, .)

.eeprom         0x00810000        0x0
 *(.eeprom*)
                0x00810000                __eeprom_end = .

.stab           0x00000000     0x3ce4
 *(.stab)
 .stab          0x00000000      0x6cc /usr/local/lib/gcc/avr/4.4.5/../../../../avr/lib/avr25/crttn45.o
 .stab          0x000006cc      0x534 _BUILD/_commonCode_localized/sineTable/0.99/sineTable.o
                                0x540 (size before relaxing)
 .stab          0x00000c00      0x840 _BUILD/_commonCode_localized/heartbeat/1.21/heartbeat.o
                                0x9f0 (size before relaxing)
 .stab          0x00001440      0x2c4 _BUILD/_commonCode_localized/hfModulation/1.00/hfModulation.o
                                0x42c (size before relaxing)
 .stab          0x00001704      0x498 _BUILD/_commonCode_localized/dmsTimer/1.13/dmsTimer.o
                                0x648 (size before relaxing)
 .stab          0x00001b9c      0x6a8 _BUILD/_commonCode_localized/timerCommon/1.21/timerCommon.o
                                0x870 (size before relaxing)
 .stab          0x00002244      0xb58 _BUILD/main.o
                                0xe28 (size before relaxing)
 .stab          0x00002d9c      0x840 /usr/local/lib/gcc/avr/4.4.5/../../../../avr/lib/avr25/libprintf_min.a(vfprintf_min.o)
                                0x864 (size before relaxing)
 .stab          0x000035dc       0x9c /usr/local/lib/gcc/avr/4.4.5/../../../../avr/lib/avr25/libc.a(strchr_P.o)
                                 0xa8 (size before relaxing)
 .stab          0x00003678      0x1d4 /usr/local/lib/gcc/avr/4.4.5/../../../../avr/lib/avr25/libc.a(fputc.o)
                                0x3b4 (size before relaxing)
 .stab          0x0000384c      0x498 /usr/local/lib/gcc/avr/4.4.5/../../../../avr/lib/avr25/libc.a(ultoa_invert.o)
                                0x4a4 (size before relaxing)

.stabstr        0x00000000     0x1cdd
 *(.stabstr)
 .stabstr       0x00000000     0x1cdd /usr/local/lib/gcc/avr/4.4.5/../../../../avr/lib/avr25/crttn45.o

.stab.excl
 *(.stab.excl)

.stab.exclstr
 *(.stab.exclstr)

.stab.index
 *(.stab.index)

.stab.indexstr
 *(.stab.indexstr)

.comment
 *(.comment)

.debug
 *(.debug)

.line
 *(.line)

.debug_srcinfo
 *(.debug_srcinfo)

.debug_sfnames
 *(.debug_sfnames)

.debug_aranges
 *(.debug_aranges)

.debug_pubnames
 *(.debug_pubnames)

.debug_info
 *(.debug_info)
 *(.gnu.linkonce.wi.*)

.debug_abbrev
 *(.debug_abbrev)

.debug_line
 *(.debug_line)

.debug_frame
 *(.debug_frame)

.debug_str
 *(.debug_str)

.debug_loc
 *(.debug_loc)

.debug_macinfo
 *(.debug_macinfo)
OUTPUT(_BUILD/LCDreIDer.elf elf32-avr)
LOAD linker stubs

Cross Reference Table

Symbol                                            File
__bad_interrupt                                   /usr/local/lib/gcc/avr/4.4.5/../../../../avr/lib/avr25/crttn45.o
__bss_end                                         /usr/local/lib/gcc/avr/4.4.5/avr25/libgcc.a(_clear_bss.o)
__bss_start                                       /usr/local/lib/gcc/avr/4.4.5/avr25/libgcc.a(_clear_bss.o)
__data_end                                        /usr/local/lib/gcc/avr/4.4.5/avr25/libgcc.a(_copy_data.o)
__data_load_start                                 /usr/local/lib/gcc/avr/4.4.5/avr25/libgcc.a(_copy_data.o)
__data_start                                      /usr/local/lib/gcc/avr/4.4.5/avr25/libgcc.a(_copy_data.o)
__divmodhi4                                       /usr/local/lib/gcc/avr/4.4.5/avr25/libgcc.a(_divmodhi4.o)
                                                  _BUILD/_commonCode_localized/heartbeat/1.21/heartbeat.o
                                                  _BUILD/_commonCode_localized/sineTable/0.99/sineTable.o
__do_clear_bss                                    /usr/local/lib/gcc/avr/4.4.5/avr25/libgcc.a(_clear_bss.o)
                                                  /usr/local/lib/gcc/avr/4.4.5/../../../../avr/lib/avr25/libc.a(fputc.o)
                                                  /usr/local/lib/gcc/avr/4.4.5/../../../../avr/lib/avr25/libprintf_min.a(vfprintf_min.o)
                                                  _BUILD/main.o
                                                  _BUILD/_commonCode_localized/timerCommon/1.21/timerCommon.o
                                                  _BUILD/_commonCode_localized/dmsTimer/1.13/dmsTimer.o
                                                  _BUILD/_commonCode_localized/hfModulation/1.00/hfModulation.o
                                                  _BUILD/_commonCode_localized/heartbeat/1.21/heartbeat.o
                                                  _BUILD/_commonCode_localized/sineTable/0.99/sineTable.o
__do_copy_data                                    /usr/local/lib/gcc/avr/4.4.5/avr25/libgcc.a(_copy_data.o)
                                                  /usr/local/lib/gcc/avr/4.4.5/../../../../avr/lib/avr25/libc.a(fputc.o)
                                                  /usr/local/lib/gcc/avr/4.4.5/../../../../avr/lib/avr25/libprintf_min.a(vfprintf_min.o)
                                                  _BUILD/main.o
                                                  _BUILD/_commonCode_localized/timerCommon/1.21/timerCommon.o
                                                  _BUILD/_commonCode_localized/dmsTimer/1.13/dmsTimer.o
                                                  _BUILD/_commonCode_localized/hfModulation/1.00/hfModulation.o
                                                  _BUILD/_commonCode_localized/heartbeat/1.21/heartbeat.o
                                                  _BUILD/_commonCode_localized/sineTable/0.99/sineTable.o
__epilogue_restores__                             /usr/local/lib/gcc/avr/4.4.5/avr25/libgcc.a(_epilogue.o)
                                                  /usr/local/lib/gcc/avr/4.4.5/../../../../avr/lib/avr25/libprintf_min.a(vfprintf_min.o)
__heap_end                                        /usr/local/lib/gcc/avr/4.4.5/../../../../avr/lib/avr25/crttn45.o
__init                                            /usr/local/lib/gcc/avr/4.4.5/../../../../avr/lib/avr25/crttn45.o
__mulhi3                                          /usr/local/lib/gcc/avr/4.4.5/avr25/libgcc.a(_mulhi3.o)
                                                  _BUILD/_commonCode_localized/dmsTimer/1.13/dmsTimer.o
__prologue_saves__                                /usr/local/lib/gcc/avr/4.4.5/avr25/libgcc.a(_prologue.o)
                                                  /usr/local/lib/gcc/avr/4.4.5/../../../../avr/lib/avr25/libprintf_min.a(vfprintf_min.o)
__stack                                           /usr/local/lib/gcc/avr/4.4.5/../../../../avr/lib/avr25/crttn45.o
__udivmodhi4                                      /usr/local/lib/gcc/avr/4.4.5/avr25/libgcc.a(_udivmodhi4.o)
                                                  /usr/local/lib/gcc/avr/4.4.5/avr25/libgcc.a(_divmodhi4.o)
                                                  _BUILD/_commonCode_localized/dmsTimer/1.13/dmsTimer.o
                                                  _BUILD/_commonCode_localized/heartbeat/1.21/heartbeat.o
__udivmodqi4                                      /usr/local/lib/gcc/avr/4.4.5/avr25/libgcc.a(_udivmodqi4.o)
                                                  _BUILD/main.o
__ultoa_invert                                    /usr/local/lib/gcc/avr/4.4.5/../../../../avr/lib/avr25/libc.a(ultoa_invert.o)
                                                  /usr/local/lib/gcc/avr/4.4.5/../../../../avr/lib/avr25/libprintf_min.a(vfprintf_min.o)
__vector_1                                        /usr/local/lib/gcc/avr/4.4.5/../../../../avr/lib/avr25/crttn45.o
__vector_10                                       _BUILD/_commonCode_localized/dmsTimer/1.13/dmsTimer.o
                                                  /usr/local/lib/gcc/avr/4.4.5/../../../../avr/lib/avr25/crttn45.o
__vector_11                                       /usr/local/lib/gcc/avr/4.4.5/../../../../avr/lib/avr25/crttn45.o
__vector_12                                       /usr/local/lib/gcc/avr/4.4.5/../../../../avr/lib/avr25/crttn45.o
__vector_13                                       _BUILD/main.o
                                                  /usr/local/lib/gcc/avr/4.4.5/../../../../avr/lib/avr25/crttn45.o
__vector_14                                       _BUILD/main.o
                                                  /usr/local/lib/gcc/avr/4.4.5/../../../../avr/lib/avr25/crttn45.o
__vector_2                                        /usr/local/lib/gcc/avr/4.4.5/../../../../avr/lib/avr25/crttn45.o
__vector_3                                        /usr/local/lib/gcc/avr/4.4.5/../../../../avr/lib/avr25/crttn45.o
__vector_4                                        /usr/local/lib/gcc/avr/4.4.5/../../../../avr/lib/avr25/crttn45.o
__vector_5                                        /usr/local/lib/gcc/avr/4.4.5/../../../../avr/lib/avr25/crttn45.o
__vector_6                                        /usr/local/lib/gcc/avr/4.4.5/../../../../avr/lib/avr25/crttn45.o
__vector_7                                        /usr/local/lib/gcc/avr/4.4.5/../../../../avr/lib/avr25/crttn45.o
__vector_8                                        /usr/local/lib/gcc/avr/4.4.5/../../../../avr/lib/avr25/crttn45.o
__vector_9                                        /usr/local/lib/gcc/avr/4.4.5/../../../../avr/lib/avr25/crttn45.o
__vector_default                                  /usr/local/lib/gcc/avr/4.4.5/../../../../avr/lib/avr25/crttn45.o
__vectors                                         /usr/local/lib/gcc/avr/4.4.5/../../../../avr/lib/avr25/crttn45.o
_div                                              /usr/local/lib/gcc/avr/4.4.5/avr25/libgcc.a(_divmodhi4.o)
_exit                                             /usr/local/lib/gcc/avr/4.4.5/avr25/libgcc.a(_exit.o)
blinkHeart                                        _BUILD/_commonCode_localized/heartbeat/1.21/heartbeat.o
byteNum                                           _BUILD/main.o
dmsCount                                          _BUILD/_commonCode_localized/dmsTimer/1.13/dmsTimer.o
dmsFrac                                           _BUILD/_commonCode_localized/dmsTimer/1.13/dmsTimer.o
dmsGetFrac                                        _BUILD/_commonCode_localized/dmsTimer/1.13/dmsTimer.o
dmsGetTime                                        _BUILD/_commonCode_localized/dmsTimer/1.13/dmsTimer.o
                                                  _BUILD/_commonCode_localized/heartbeat/1.21/heartbeat.o
dmsIncrementSize                                  _BUILD/_commonCode_localized/dmsTimer/1.13/dmsTimer.o
dmsNumUpdates                                     _BUILD/_commonCode_localized/dmsTimer/1.13/dmsTimer.o
dmsWaitFn                                         _BUILD/_commonCode_localized/dmsTimer/1.13/dmsTimer.o
edidArray                                         _BUILD/main.o
edidArrayIndex                                    _BUILD/main.o
edid_checkSummer                                  _BUILD/main.o
exit                                              /usr/local/lib/gcc/avr/4.4.5/avr25/libgcc.a(_exit.o)
                                                  /usr/local/lib/gcc/avr/4.4.5/../../../../avr/lib/avr25/crttn45.o
fputc                                             /usr/local/lib/gcc/avr/4.4.5/../../../../avr/lib/avr25/libc.a(fputc.o)
                                                  /usr/local/lib/gcc/avr/4.4.5/../../../../avr/lib/avr25/libprintf_min.a(vfprintf_min.o)
getHeartRate                                      _BUILD/_commonCode_localized/heartbeat/1.21/heartbeat.o
getNextDesired                                    _BUILD/_commonCode_localized/heartbeat/1.21/heartbeat.o
header                                            _BUILD/main.o
heartBlink                                        _BUILD/_commonCode_localized/heartbeat/1.21/heartbeat.o
                                                  _BUILD/main.o
heartBlinkInternal                                _BUILD/main.o
heartClear                                        _BUILD/_commonCode_localized/heartbeat/1.21/heartbeat.o
heartModulator                                    _BUILD/_commonCode_localized/heartbeat/1.21/heartbeat.o
heartPinInputPoll                                 _BUILD/_commonCode_localized/heartbeat/1.21/heartbeat.o
heartStepTime                                     _BUILD/_commonCode_localized/heartbeat/1.21/heartbeat.o
heartUpdate                                       _BUILD/_commonCode_localized/heartbeat/1.21/heartbeat.o
                                                  _BUILD/main.o
heartupdate                                       _BUILD/_commonCode_localized/heartbeat/1.21/heartbeat.o
hfm_nextOutput                                    _BUILD/_commonCode_localized/hfModulation/1.00/hfModulation.o
                                                  _BUILD/main.o
                                                  _BUILD/_commonCode_localized/heartbeat/1.21/heartbeat.o
hfm_setPower                                      _BUILD/_commonCode_localized/hfModulation/1.00/hfModulation.o
                                                  _BUILD/main.o
                                                  _BUILD/_commonCode_localized/heartbeat/1.21/heartbeat.o
hfm_setup                                         _BUILD/_commonCode_localized/hfModulation/1.00/hfModulation.o
                                                  _BUILD/main.o
                                                  _BUILD/_commonCode_localized/heartbeat/1.21/heartbeat.o
init_dmsTimer                                     _BUILD/_commonCode_localized/dmsTimer/1.13/dmsTimer.o
                                                  _BUILD/_commonCode_localized/heartbeat/1.21/heartbeat.o
init_heartBeat                                    _BUILD/_commonCode_localized/heartbeat/1.21/heartbeat.o
                                                  _BUILD/main.o
ledHFM                                            _BUILD/main.o
ledIndex                                          _BUILD/main.o
ledState                                          _BUILD/main.o
ledsControlled                                    _BUILD/main.o
main                                              _BUILD/main.o
                                                  /usr/local/lib/gcc/avr/4.4.5/../../../../avr/lib/avr25/crttn45.o
quadrantizeTheta                                  _BUILD/_commonCode_localized/sineTable/0.99/sineTable.o
setHeartRate                                      _BUILD/_commonCode_localized/heartbeat/1.21/heartbeat.o
                                                  _BUILD/main.o
set_heartBlink                                    _BUILD/_commonCode_localized/heartbeat/1.21/heartbeat.o
                                                  _BUILD/main.o
sineRaw8                                          _BUILD/_commonCode_localized/sineTable/0.99/sineTable.o
                                                  _BUILD/main.o
sineTable                                         _BUILD/_commonCode_localized/sineTable/0.99/sineTable.o
strchr_P                                          /usr/local/lib/gcc/avr/4.4.5/../../../../avr/lib/avr25/libc.a(strchr_P.o)
                                                  /usr/local/lib/gcc/avr/4.4.5/../../../../avr/lib/avr25/libprintf_min.a(vfprintf_min.o)
timer_compareMatchIntSetup                        _BUILD/_commonCode_localized/timerCommon/1.21/timerCommon.o
                                                  _BUILD/_commonCode_localized/dmsTimer/1.13/dmsTimer.o
timer_init                                        _BUILD/_commonCode_localized/timerCommon/1.21/timerCommon.o
timer_overflowIntEnable                           _BUILD/_commonCode_localized/timerCommon/1.21/timerCommon.o
timer_selectDivisor                               _BUILD/_commonCode_localized/timerCommon/1.21/timerCommon.o
                                                  _BUILD/_commonCode_localized/dmsTimer/1.13/dmsTimer.o
timer_setOutputModes                              _BUILD/_commonCode_localized/timerCommon/1.21/timerCommon.o
timer_setWGM                                      _BUILD/_commonCode_localized/timerCommon/1.21/timerCommon.o
                                                  _BUILD/_commonCode_localized/dmsTimer/1.13/dmsTimer.o
updateLEDFader                                    _BUILD/main.o
updateLEDs                                        _BUILD/main.o
usi_i2c_awaitStart                                _BUILD/main.o
usi_i2c_awaitStartSCL                             _BUILD/main.o
usi_i2c_byteToTransmit                            _BUILD/main.o
usi_i2c_readFromSlave                             _BUILD/main.o
usi_i2c_receivedByte                              _BUILD/main.o
usi_i2c_requestedAddres                           _BUILD/main.o
usi_i2c_requestedAddress                          _BUILD/main.o
usi_i2c_slaveInit                                 _BUILD/main.o
usi_i2c_state                                     _BUILD/main.o
vfprintf                                          /usr/local/lib/gcc/avr/4.4.5/../../../../avr/lib/avr25/libprintf_min.a(vfprintf_min.o)
